// Jest Snapshot v1, https://goo.gl/fbAQLP

exports[`AppConfigSchemaPropertiesTable correctly matches snapshot 1`] = `
<div>
  <table
    class="css-1ujlu4q"
  >
    <thead
      class="css-1gbkmmb"
    >
      <tr>
        <td>
          Property
        </td>
        <td>
          Description
        </td>
      </tr>
    </thead>
    <tbody>
      <tr>
        <td>
          <div
            data-testid="<propertyAnchor level={0}><inlineCode>name</inlineCode></propertyAnchor>"
            style="margin-left: 0px; display: block; list-style-type: circle; overflow-x: visible;"
          >
            <div
              class="css-12onb79 "
              data-text="true"
            >
              <div
                class="css-3t0ask"
              >
                <span
                  class="css-1fj428k"
                  id="name"
                />
                <a
                  class="permalink css-1lc60ja"
                  href="#name"
                  style="top: -8px;"
                >
                  <svg
                    aria-label="permalink"
                    class="anchor-icon"
                    fill="none"
                    height="24"
                    viewBox="0 0 24 24"
                    width="24"
                    xmlns="http://www.w3.org/2000/svg"
                  >
                    <path
                      d="M10 13a5 5 0 007.54.54l3-3a5 5 0 00-7.07-7.07l-1.72 1.71"
                      stroke="#9B9B9B"
                      stroke-linecap="round"
                      stroke-linejoin="round"
                      stroke-width="2"
                    />
                    <path
                      d="M14 11a5 5 0 00-7.54-.54l-3 3a5 5 0 007.07 7.07l1.71-1.71"
                      stroke="#9B9B9B"
                      stroke-linecap="round"
                      stroke-linejoin="round"
                      stroke-width="2"
                    />
                  </svg>
                </a>
                <div
                  class="permalink-child"
                >
                  <code
                    class="css-1aurupk inline"
                  >
                    name
                  </code>
                </div>
              </div>
            </div>
          </div>
        </td>
        <td
          class="css-1arns64"
        >
          <div
            class="css-12onb79 "
            data-text="true"
          >
            <strong
              class="css-ee2aqm"
            >
              (string)
            </strong>
             - Name of your app.
            <details
              class="css-1njguyv"
            >
              <summary
                class="css-sc2dxa"
              >
                Bare Workflow
              </summary>
              <div
                class="css-1875xqs"
              >
                Edit the 'Display Name' field in Xcode
              </div>
            </details>
          </div>
        </td>
      </tr>
      <tr>
        <td>
          <div
            data-testid="<propertyAnchor level={0}><inlineCode>androidNavigationBar</inlineCode></propertyAnchor>"
            style="margin-left: 0px; display: block; list-style-type: circle; overflow-x: visible;"
          >
            <div
              class="css-12onb79 "
              data-text="true"
            >
              <div
                class="css-3t0ask"
              >
                <span
                  class="css-1fj428k"
                  id="androidnavigationbar"
                />
                <a
                  class="permalink css-1lc60ja"
                  href="#androidnavigationbar"
                  style="top: -8px;"
                >
                  <svg
                    aria-label="permalink"
                    class="anchor-icon"
                    fill="none"
                    height="24"
                    viewBox="0 0 24 24"
                    width="24"
                    xmlns="http://www.w3.org/2000/svg"
                  >
                    <path
                      d="M10 13a5 5 0 007.54.54l3-3a5 5 0 00-7.07-7.07l-1.72 1.71"
                      stroke="#9B9B9B"
                      stroke-linecap="round"
                      stroke-linejoin="round"
                      stroke-width="2"
                    />
                    <path
                      d="M14 11a5 5 0 00-7.54-.54l-3 3a5 5 0 007.07 7.07l1.71-1.71"
                      stroke="#9B9B9B"
                      stroke-linecap="round"
                      stroke-linejoin="round"
                      stroke-width="2"
                    />
                  </svg>
                </a>
                <div
                  class="permalink-child"
                >
                  <code
                    class="css-1aurupk inline"
                  >
                    androidNavigationBar
                  </code>
                </div>
              </div>
            </div>
          </div>
        </td>
        <td
          class="css-1arns64"
        >
          <div
            class="css-12onb79 "
            data-text="true"
          >
            <strong
              class="css-ee2aqm"
            >
              (object)
            </strong>
             - Configuration for the bottom navigation bar on Android.
            <details
              class="css-1njguyv"
            >
              <summary
                class="css-sc2dxa"
              >
                ExpoKit
              </summary>
              <div
                class="css-1875xqs"
              >
                Set this property using AppConstants.java.
              </div>
            </details>
            <details
              class="css-1njguyv"
            >
              <summary
                class="css-sc2dxa"
              >
                Bare Workflow
              </summary>
              <div
                class="css-1875xqs"
              >
                Set this property using just Xcode
              </div>
            </details>
          </div>
        </td>
      </tr>
      <tr>
        <td>
          <div
            data-testid="<subpropertyAnchor level={1}><inlineCode>visible</inlineCode></subpropertyAnchor>"
            style="margin-left: 32px; display: list-item; list-style-type: default; overflow-x: visible;"
          >
            <div
              class="css-12onb79 "
              data-text="true"
            >
              <div
                class="css-3t0ask"
              >
                <span
                  class="css-1fj428k"
                  id="visible"
                />
                <a
                  class="permalink css-1lc60ja"
                  href="#visible"
                  style="left: -44px; top: -8px;"
                >
                  <svg
                    aria-label="permalink"
                    class="anchor-icon"
                    fill="none"
                    height="24"
                    viewBox="0 0 24 24"
                    width="24"
                    xmlns="http://www.w3.org/2000/svg"
                  >
                    <path
                      d="M10 13a5 5 0 007.54.54l3-3a5 5 0 00-7.07-7.07l-1.72 1.71"
                      stroke="#9B9B9B"
                      stroke-linecap="round"
                      stroke-linejoin="round"
                      stroke-width="2"
                    />
                    <path
                      d="M14 11a5 5 0 00-7.54-.54l-3 3a5 5 0 007.07 7.07l1.71-1.71"
                      stroke="#9B9B9B"
                      stroke-linecap="round"
                      stroke-linejoin="round"
                      stroke-width="2"
                    />
                  </svg>
                </a>
                <div
                  class="permalink-child"
                >
                  <code
                    class="css-1aurupk inline"
                  >
                    visible
                  </code>
                </div>
              </div>
            </div>
          </div>
        </td>
        <td
          class="css-1arns64"
        >
          <div
            class="css-12onb79 "
            data-text="true"
          >
            <strong
              class="css-ee2aqm"
            >
              (enum)
            </strong>
             - Determines how and when the navigation bar is shown.
            <details
              class="css-1njguyv"
            >
              <summary
                class="css-sc2dxa"
              >
                ExpoKit
              </summary>
              <div
                class="css-1875xqs"
              >
                Set this property using Xcode.
              </div>
            </details>
          </div>
        </td>
      </tr>
      <tr>
        <td>
          <div
            data-testid="<subpropertyAnchor level={2}><inlineCode>always</inlineCode></subpropertyAnchor>"
            style="margin-left: 64px; display: list-item; list-style-type: circle; overflow-x: visible;"
          >
            <div
              class="css-12onb79 "
              data-text="true"
            >
              <div
                class="css-3t0ask"
              >
                <span
                  class="css-1fj428k"
                  id="always"
                />
                <a
                  class="permalink css-1lc60ja"
                  href="#always"
                  style="left: -44px; top: -8px;"
                >
                  <svg
                    aria-label="permalink"
                    class="anchor-icon"
                    fill="none"
                    height="24"
                    viewBox="0 0 24 24"
                    width="24"
                    xmlns="http://www.w3.org/2000/svg"
                  >
                    <path
                      d="M10 13a5 5 0 007.54.54l3-3a5 5 0 00-7.07-7.07l-1.72 1.71"
                      stroke="#9B9B9B"
                      stroke-linecap="round"
                      stroke-linejoin="round"
                      stroke-width="2"
                    />
                    <path
                      d="M14 11a5 5 0 00-7.54-.54l-3 3a5 5 0 007.07 7.07l1.71-1.71"
                      stroke="#9B9B9B"
                      stroke-linecap="round"
                      stroke-linejoin="round"
                      stroke-width="2"
                    />
                  </svg>
                </a>
                <div
                  class="permalink-child"
                >
                  <code
                    class="css-1aurupk inline"
                  >
                    always
                  </code>
                </div>
              </div>
            </div>
          </div>
        </td>
        <td
          class="css-1arns64"
        >
          <div
            class="css-12onb79 "
            data-text="true"
          >
            <strong
              class="css-ee2aqm"
            >
              (boolean)
            </strong>
             - Test sub-sub-property
          </div>
        </td>
      </tr>
      <tr>
        <td>
          <div
            data-testid="<subpropertyAnchor level={1}><inlineCode>backgroundColor</inlineCode></subpropertyAnchor>"
            style="margin-left: 32px; display: list-item; list-style-type: default; overflow-x: visible;"
          >
            <div
              class="css-12onb79 "
              data-text="true"
            >
              <div
                class="css-3t0ask"
              >
                <span
                  class="css-1fj428k"
                  id="backgroundcolor"
                />
                <a
                  class="permalink css-1lc60ja"
                  href="#backgroundcolor"
                  style="left: -44px; top: -8px;"
                >
                  <svg
                    aria-label="permalink"
                    class="anchor-icon"
                    fill="none"
                    height="24"
                    viewBox="0 0 24 24"
                    width="24"
                    xmlns="http://www.w3.org/2000/svg"
                  >
                    <path
                      d="M10 13a5 5 0 007.54.54l3-3a5 5 0 00-7.07-7.07l-1.72 1.71"
                      stroke="#9B9B9B"
                      stroke-linecap="round"
                      stroke-linejoin="round"
                      stroke-width="2"
                    />
                    <path
                      d="M14 11a5 5 0 00-7.54-.54l-3 3a5 5 0 007.07 7.07l1.71-1.71"
                      stroke="#9B9B9B"
                      stroke-linecap="round"
                      stroke-linejoin="round"
                      stroke-width="2"
                    />
                  </svg>
                </a>
                <div
                  class="permalink-child"
                >
                  <code
                    class="css-1aurupk inline"
                  >
                    backgroundColor
                  </code>
                </div>
              </div>
            </div>
          </div>
        </td>
        <td
          class="css-1arns64"
        >
          <div
            class="css-12onb79 "
            data-text="true"
          >
            <strong
              class="css-ee2aqm"
            >
              (string)
            </strong>
             - Specifies the background color of the navigation bar. 
          </div>
          <div
            class="css-12onb79 "
            data-text="true"
          >
            6 character long hex color string, eg: 
            <code
              class="css-1aurupk inline"
            >
              '#000000'
            </code>
          </div>
        </td>
      </tr>
      <tr>
        <td>
          <div
            data-testid="<propertyAnchor level={0}><inlineCode>intentFilters</inlineCode></propertyAnchor>"
            style="margin-left: 0px; display: block; list-style-type: circle; overflow-x: visible;"
          >
            <div
              class="css-12onb79 "
              data-text="true"
            >
              <div
                class="css-3t0ask"
              >
                <span
                  class="css-1fj428k"
                  id="intentfilters"
                />
                <a
                  class="permalink css-1lc60ja"
                  href="#intentfilters"
                  style="top: -8px;"
                >
                  <svg
                    aria-label="permalink"
                    class="anchor-icon"
                    fill="none"
                    height="24"
                    viewBox="0 0 24 24"
                    width="24"
                    xmlns="http://www.w3.org/2000/svg"
                  >
                    <path
                      d="M10 13a5 5 0 007.54.54l3-3a5 5 0 00-7.07-7.07l-1.72 1.71"
                      stroke="#9B9B9B"
                      stroke-linecap="round"
                      stroke-linejoin="round"
                      stroke-width="2"
                    />
                    <path
                      d="M14 11a5 5 0 00-7.54-.54l-3 3a5 5 0 007.07 7.07l1.71-1.71"
                      stroke="#9B9B9B"
                      stroke-linecap="round"
                      stroke-linejoin="round"
                      stroke-width="2"
                    />
                  </svg>
                </a>
                <div
                  class="permalink-child"
                >
                  <code
                    class="css-1aurupk inline"
                  >
                    intentFilters
                  </code>
                </div>
              </div>
            </div>
          </div>
        </td>
        <td
          class="css-1arns64"
        >
          <div
            class="css-12onb79 "
            data-text="true"
          >
            <strong
              class="css-ee2aqm"
            >
              (array)
            </strong>
             - Configuration for setting an array of custom intent filters in Android manifest.
            <details
              class="css-1njguyv"
            >
              <summary
                class="css-sc2dxa"
              >
                Bare Workflow
              </summary>
              <div
                class="css-1875xqs"
              >
                This is set in AndroidManifest.xml directly.
              </div>
            </details>
          </div>
          <blockquote
            class="css-1qybt24"
            data-text="true"
          >
            <div>
              <div
                style="margin-top: 2px;"
              >
                <svg
                  aria-label="check"
                  fill="none"
                  height="16"
                  viewBox="0 0 24 24"
                  width="16"
                  xmlns="http://www.w3.org/2000/svg"
                >
                  <path
                    d="M12 0C5.373 0 0 5.373 0 12s5.373 12 12 12c6.628 0 12-5.373 12-12S18.628 0 12 0zm-.015 5.419c.269-.292.596-.44.973-.44.306 0 .575.11.776.317.203.207.306.472.306.786 0 .394-.137.745-.409 1.042-.279.306-.605.462-.968.462-.3 0-.566-.113-.768-.326-.201-.208-.304-.48-.304-.809 0-.401.133-.749.394-1.032zm1.999 11.305c-.995.936-1.705 1.52-2.17 1.784-.496.284-.905.423-1.25.423-.342 0-.621-.114-.83-.338-.202-.218-.305-.51-.305-.87 0-.92.521-3.058 1.595-6.534a1.47 1.47 0 00.042-.166c-.04.017-.087.041-.14.075-.088.055-.356.265-1.14 1.03a.334.334 0 01-.438.025l-.463-.358a.334.334 0 01-.043-.49c.722-.794 1.395-1.371 2.002-1.714.636-.358 1.173-.533 1.643-.533.303 0 .548.076.729.225.196.164.3.391.3.658 0 .175-.084.63-.697 2.686-.875 2.937-1.084 4.003-1.099 4.372.166-.098.558-.376 1.395-1.162a.334.334 0 01.462.003l.411.4a.334.334 0 01-.004.484z"
                    fill="#5C5C71"
                  />
                </svg>
              </div>
            </div>
            <div>
              <div
                class="css-12onb79 "
                data-text="true"
              >
                 
                [{
"autoVerify": true,
"data": {"host": "*.expo.io"
}
}]
              </div>
            </div>
          </blockquote>
        </td>
      </tr>
      <tr>
        <td>
          <div
            data-testid="<subpropertyAnchor level={1}><inlineCode>autoVerify</inlineCode></subpropertyAnchor>"
            style="margin-left: 32px; display: list-item; list-style-type: default; overflow-x: visible;"
          >
            <div
              class="css-12onb79 "
              data-text="true"
            >
              <div
                class="css-3t0ask"
              >
                <span
                  class="css-1fj428k"
                  id="autoverify"
                />
                <a
                  class="permalink css-1lc60ja"
                  href="#autoverify"
                  style="left: -44px; top: -8px;"
                >
                  <svg
                    aria-label="permalink"
                    class="anchor-icon"
                    fill="none"
                    height="24"
                    viewBox="0 0 24 24"
                    width="24"
                    xmlns="http://www.w3.org/2000/svg"
                  >
                    <path
                      d="M10 13a5 5 0 007.54.54l3-3a5 5 0 00-7.07-7.07l-1.72 1.71"
                      stroke="#9B9B9B"
                      stroke-linecap="round"
                      stroke-linejoin="round"
                      stroke-width="2"
                    />
                    <path
                      d="M14 11a5 5 0 00-7.54-.54l-3 3a5 5 0 007.07 7.07l1.71-1.71"
                      stroke="#9B9B9B"
                      stroke-linecap="round"
                      stroke-linejoin="round"
                      stroke-width="2"
                    />
                  </svg>
                </a>
                <div
                  class="permalink-child"
                >
                  <code
                    class="css-1aurupk inline"
                  >
                    autoVerify
                  </code>
                </div>
              </div>
            </div>
          </div>
        </td>
        <td
          class="css-1arns64"
        >
          <div
            class="css-12onb79 "
            data-text="true"
          >
            <strong
              class="css-ee2aqm"
            >
              (boolean)
            </strong>
             - You may also use an intent filter to set your app as the default handler for links
          </div>
        </td>
      </tr>
      <tr>
        <td>
          <div
            data-testid="<subpropertyAnchor level={1}><inlineCode>data</inlineCode></subpropertyAnchor>"
            style="margin-left: 32px; display: list-item; list-style-type: default; overflow-x: visible;"
          >
            <div
              class="css-12onb79 "
              data-text="true"
            >
              <div
                class="css-3t0ask"
              >
                <span
                  class="css-1fj428k"
                  id="data"
                />
                <a
                  class="permalink css-1lc60ja"
                  href="#data"
                  style="left: -44px; top: -8px;"
                >
                  <svg
                    aria-label="permalink"
                    class="anchor-icon"
                    fill="none"
                    height="24"
                    viewBox="0 0 24 24"
                    width="24"
                    xmlns="http://www.w3.org/2000/svg"
                  >
                    <path
                      d="M10 13a5 5 0 007.54.54l3-3a5 5 0 00-7.07-7.07l-1.72 1.71"
                      stroke="#9B9B9B"
                      stroke-linecap="round"
                      stroke-linejoin="round"
                      stroke-width="2"
                    />
                    <path
                      d="M14 11a5 5 0 00-7.54-.54l-3 3a5 5 0 007.07 7.07l1.71-1.71"
                      stroke="#9B9B9B"
                      stroke-linecap="round"
                      stroke-linejoin="round"
                      stroke-width="2"
                    />
                  </svg>
                </a>
                <div
                  class="permalink-child"
                >
                  <code
                    class="css-1aurupk inline"
                  >
                    data
                  </code>
                </div>
              </div>
            </div>
          </div>
        </td>
        <td
          class="css-1arns64"
        >
          <div
            class="css-12onb79 "
            data-text="true"
          >
            <strong
              class="css-ee2aqm"
            >
              (array || object)
            </strong>
          </div>
        </td>
      </tr>
      <tr>
        <td>
          <div
            data-testid="<subpropertyAnchor level={2}><inlineCode>host</inlineCode></subpropertyAnchor>"
            style="margin-left: 64px; display: list-item; list-style-type: circle; overflow-x: visible;"
          >
            <div
              class="css-12onb79 "
              data-text="true"
            >
              <div
                class="css-3t0ask"
              >
                <span
                  class="css-1fj428k"
                  id="host"
                />
                <a
                  class="permalink css-1lc60ja"
                  href="#host"
                  style="left: -44px; top: -8px;"
                >
                  <svg
                    aria-label="permalink"
                    class="anchor-icon"
                    fill="none"
                    height="24"
                    viewBox="0 0 24 24"
                    width="24"
                    xmlns="http://www.w3.org/2000/svg"
                  >
                    <path
                      d="M10 13a5 5 0 007.54.54l3-3a5 5 0 00-7.07-7.07l-1.72 1.71"
                      stroke="#9B9B9B"
                      stroke-linecap="round"
                      stroke-linejoin="round"
                      stroke-width="2"
                    />
                    <path
                      d="M14 11a5 5 0 00-7.54-.54l-3 3a5 5 0 007.07 7.07l1.71-1.71"
                      stroke="#9B9B9B"
                      stroke-linecap="round"
                      stroke-linejoin="round"
                      stroke-width="2"
                    />
                  </svg>
                </a>
                <div
                  class="permalink-child"
                >
                  <code
                    class="css-1aurupk inline"
                  >
                    host
                  </code>
                </div>
              </div>
            </div>
          </div>
        </td>
        <td
          class="css-1arns64"
        >
          <div
            class="css-12onb79 "
            data-text="true"
          >
            <strong
              class="css-ee2aqm"
            >
              (string)
            </strong>
          </div>
        </td>
      </tr>
    </tbody>
  </table>
</div>
`;
